// Jest Snapshot v1, https://goo.gl/fbAQLP

exports[`ParticipantItem snapshot in en-US 1`] = `
<body
  className="ms-Fabric"
  dir="ltr"
>
  <div
    className="css-53"
    onMouseEnter={[Function]}
    onMouseLeave={[Function]}
  >
    <div
      className="ms-Persona ms-Persona--size32 root-60"
    >
      <div
        className="ms-Persona-coin ms-Persona--size32 coin-67"
        role="presentation"
      >
        <div
          className="ms-Persona-imageArea imageArea-69"
          role="presentation"
        >
          <div
            aria-hidden="true"
            className="ms-Persona-initials initials-72"
          >
            <span>
              M
            </span>
          </div>
        </div>
      </div>
      <div
        className="ms-Persona-details details-61"
      >
        <div
          className="ms-Persona-primaryText primaryText-62"
          dir="auto"
        >
          <div
            className="ms-TooltipHost root-75"
            onBlurCapture={[Function]}
            onFocusCapture={[Function]}
            onKeyDown={[Function]}
            onMouseEnter={[Function]}
            onMouseLeave={[Function]}
          >
            Mark
          </div>
        </div>
        <div
          className="ms-Persona-secondaryText secondaryText-63"
          dir="auto"
        />
        <div
          className="ms-Persona-tertiaryText tertiaryText-64"
          dir="auto"
        />
        <div
          className="ms-Persona-optionalText optionalText-65"
          dir="auto"
        />
      </div>
    </div>
    <div
      className="ms-Stack css-76"
    />
  </div>
</body>
`;
